[   41248ms] [ERROR] Error: "category" is not a registered scale.
    at M2e._get (http://localhost:4000/assets/index-BXI2Iz7X.js:13:233990)
    at M2e.getScale (http://localhost:4000/assets/index-BXI2Iz7X.js:13:233233)
    at http://localhost:4000/assets/index-BXI2Iz7X.js:13:244164
    at ns (http://localhost:4000/assets/index-BXI2Iz7X.js:13:150562)
    at _7.buildOrUpdateScales (http://localhost:4000/assets/index-BXI2Iz7X.js:13:243946)
    at _7._updateScales (http://localhost:4000/assets/index-BXI2Iz7X.js:13:246684)
    at _7.update (http://localhost:4000/assets/index-BXI2Iz7X.js:13:245848)
    at new _7 (http://localhost:4000/assets/index-BXI2Iz7X.js:13:242461)
    at s (http://localhost:4000/assets/index-BXI2Iz7X.js:15:26625)
    at http://localhost:4000/assets/index-BXI2Iz7X.js:2:34669 @ http://localhost:4000/assets/index-BXI2Iz7X.js:1
[   41257ms] [ERROR] Error: Canvas is already in use. Chart with ID '0' must be destroyed before the canvas with ID '' can be reused.
    at new _7 (http://localhost:4000/assets/index-BXI2Iz7X.js:13:241291)
    at s (http://localhost:4000/assets/index-BXI2Iz7X.js:15:26625)
    at DE (http://localhost:4000/assets/index-BXI2Iz7X.js:2:21808)
    at xd (http://localhost:4000/assets/index-BXI2Iz7X.js:2:21879)
    at Kq.a.call (http://localhost:4000/assets/index-BXI2Iz7X.js:2:25379)
    at C (http://localhost:4000/assets/index-BXI2Iz7X.js:2:21051)
    at FQ (http://localhost:4000/assets/index-BXI2Iz7X.js:2:23204)
    at Z (http://localhost:4000/assets/index-BXI2Iz7X.js:2:55189)
    at Ide.et [as fn] (http://localhost:4000/assets/index-BXI2Iz7X.js:2:54047)
    at Ide.run (http://localhost:4000/assets/index-BXI2Iz7X.js:2:6507) @ http://localhost:4000/assets/index-BXI2Iz7X.js:1
